Execute a single ad hoc prompt using the shared rc planning and ACP execution pipeline.

Provide the prompt as one positional argument, with --prompt-file, or via stdin. By default the
command is headless and ephemeral: text mode writes only the final assistant response to stdout and
json mode streams lean JSONL events to stdout, while raw-json preserves the full event stream.
Operational runtime logs stay silent unless you opt into --verbose. Use --tui to open the
interactive TUI and --persist to save resumable artifacts under
~/.rc/runs/<run-id>/. Use --run-id to resume a previously persisted exec session.

Usage:
  rc exec [prompt] [flags]

Examples:
  rc exec "Summarize the current repository changes"
  rc exec --agent council "Decide between two designs"
  rc exec --prompt-file prompt.md
  cat prompt.md | rc exec --format json
  rc exec --format raw-json "Inspect every streamed event"
  rc exec --persist "Review the latest changes"
  rc exec --run-id exec-20260405-120000-000000000 "Continue from the previous session"

Flags:
      --access-mode string               Runtime access policy: default keeps native safeguards; full requests the most permissive mode rc can configure (default "full")
      --add-dir strings                  Additional directory to allow for ACP runtimes that support extra writable roots (currently claude and codex; repeatable or comma-separated)
      --agent string                     Reusable agent to execute from .rc/agents or ~/.rc/agents
      --auto-commit                      Include automatic commit instructions at task/batch completion
      --dry-run                          Only generate prompts; do not run IDE tool
      --extensions                       Enable executable extensions for this exec run
      --format string                    Output format: text, json, or raw-json (default "text")
  -h, --help                             help for exec
      --ide string                       ACP runtime to use. Built-in and enabled extension runtimes are validated against the active runtime catalog. (default "codex")
      --max-retries int                  Retry execution-stage ACP failures or timeouts up to N times before marking them failed
      --model string                     Model to use. Leave empty to use the selected runtime default.
      --persist                          Persist exec artifacts under ~/.rc/runs/<run-id>/
      --prompt-file string               Path to a file containing the prompt text
      --reasoning-effort string          Reasoning effort for runtimes that support bootstrap reasoning flags (low, medium, high, xhigh). (default "medium")
      --retry-backoff-multiplier float   Multiplier applied to the next activity timeout after each retry (default 1.5)
      --run-id string                    Resume a previously persisted exec session by run id
      --tail-lines int                   Maximum number of log lines to retain in UI per job (0 = full history)
      --timeout string                   Activity timeout duration (e.g., 5m, 30s). Job canceled if no output received within this period. (default "10m")
      --tui                              Open the interactive TUI instead of using headless stdout output
      --verbose                          Emit operational runtime logs to stderr during exec

Global Flags:
      --workspace string   Directory to resolve the .rc workspace from (default: current directory)
